Data Structures for Stress Analysis Run : Sun Sep  5 16:22:36 2021


CMaxStruct --->
devName = C
devType = CAP
topLevelRefDes = C1
refDes = C1
spiceDesig = C
scaldPath = C1
simTemp = 27
simTime = 0.05
        CMaxParam ------>
        keyword = CV
        description = Maximum voltage
        maxOpStatus = 100
        maxOpValue = 50
        maxOpMask = 7
        errorLevel = 0
        peakDeratedMax = 50
        averageDeratedMax = 50
        rmsDeratedMax = 50
        peak = 0.641679
        average = 0.258361
        rms = 0.337476
        peakPercent = 1.28336
        averagePercent = 0.516722
        rmsPercent = 0.674951
        node1Index = -1
        node1 = 1
        node2Index = -1
        node2 = 2
        currentIndex = -1
        lastValue = 0
        CMaxParam ------>
        keyword = CI
        description = Maximum current
        maxOpStatus = 100
        maxOpValue = 1
        maxOpMask = 7
        errorLevel = 0
        peakDeratedMax = 1
        averageDeratedMax = 1
        rmsDeratedMax = 1
        peak = 0.00495065
        average = 2.34339e-08
        rms = 5.10499e-05
        peakPercent = 0.495065
        averagePercent = 2.34339e-06
        rmsPercent = 0.00510499
        node1Index = -1
        node2Index = -1
        currentIndex = 0
        portName = 1
        lastValue = 0
CMaxStruct --->
devName = R
devType = RES
topLevelRefDes = R1
refDes = R1
spiceDesig = R
scaldPath = R1
simTemp = 27
simTime = 0.05
        CMaxParam ------>
        keyword = PDM
        description = Maximum power dissipation
        maxOpStatus = 100
        maxOpValue = 0.25
        maxOpMask = 6
        errorLevel = 0
        peakDeratedMax = 0.216001
        averageDeratedMax = 0.216089
        rmsDeratedMax = 0.216066
        peak = 0.000249379
        average = 0.000161193
        rms = 0.000183629
        peakPercent = 0.115453
        averagePercent = 0.0745957
        rmsPercent = 0.0849872
        node1Index = -1
        node2Index = -1
        currentIndex = -1
        lastValue = 0
        CMaxParam ------>
        keyword = RV
        description = Maximum voltage
        maxOpStatus = 101
        maxOpValue = 1e+35
        maxOpMask = 7
        errorLevel = 1
        peakDeratedMax = 1e+35
        averageDeratedMax = 1e+35
        rmsDeratedMax = 1e+35
        peak = -1e+100
        average = 0
        rms = 0
        peakPercent = 0
        averagePercent = 0
        rmsPercent = 0
        node1Index = -1
        node1 = 1
        node2Index = -1
        node2 = 2
        currentIndex = -1
        lastValue = 0
        CMaxParam ------>
        keyword = TB
        description = Maximum breakdown temperature
        maxOpStatus = 100
        maxOpValue = 200
        maxOpMask = 3
        errorLevel = 0
        peakDeratedMax = 200
        averageDeratedMax = 200
        rmsDeratedMax = 200
        peak = 27.1995
        average = 27.129
        rms = 27.1469
        peakPercent = 13.5998
        averagePercent = 13.5645
        rmsPercent = 13.5735
        node1Index = -1
        node2Index = -1
        currentIndex = -1
        lastValue = 0
CMaxStruct --->
devName = R
devType = RES
topLevelRefDes = R2
refDes = R2
spiceDesig = R
scaldPath = R2
simTemp = 27
simTime = 0.05
        CMaxParam ------>
        keyword = PDM
        description = Maximum power dissipation
        maxOpStatus = 100
        maxOpValue = 0.25
        maxOpMask = 6
        errorLevel = 0
        peakDeratedMax = 0.21625
        averageDeratedMax = 0.21625
        rmsDeratedMax = 0.21625
        peak = 0
        average = 0
        rms = 0
        peakPercent = 0
        averagePercent = 0
        rmsPercent = 0
        node1Index = -1
        node2Index = -1
        currentIndex = -1
        lastValue = 0
        CMaxParam ------>
        keyword = RV
        description = Maximum voltage
        maxOpStatus = 101
        maxOpValue = 1e+35
        maxOpMask = 7
        errorLevel = 1
        peakDeratedMax = 1e+35
        averageDeratedMax = 1e+35
        rmsDeratedMax = 1e+35
        peak = -1e+100
        average = 0
        rms = 0
        peakPercent = 0
        averagePercent = 0
        rmsPercent = 0
        node1Index = -1
        node1 = 1
        node2Index = -1
        node2 = 2
        currentIndex = -1
        lastValue = 0
        CMaxParam ------>
        keyword = TB
        description = Maximum breakdown temperature
        maxOpStatus = 100
        maxOpValue = 200
        maxOpMask = 3
        errorLevel = 0
        peakDeratedMax = 200
        averageDeratedMax = 200
        rmsDeratedMax = 200
        peak = 27
        average = 27
        rms = 27
        peakPercent = 13.5
        averagePercent = 13.5
        rmsPercent = 13.5
        node1Index = -1
        node2Index = -1
        currentIndex = -1
        lastValue = 0
CMaxStruct --->
devName = C
devType = CAP
topLevelRefDes = C2
refDes = C2
spiceDesig = C
scaldPath = C2
simTemp = 27
simTime = 0.05
        CMaxParam ------>
        keyword = CV
        description = Maximum voltage
        maxOpStatus = 100
        maxOpValue = 50
        maxOpMask = 7
        errorLevel = 0
        peakDeratedMax = 50
        averageDeratedMax = 50
        rmsDeratedMax = 50
        peak = 10
        average = 10
        rms = 10
        peakPercent = 20
        averagePercent = 20
        rmsPercent = 20
        node1Index = -1
        node1 = 1
        node2Index = -1
        node2 = 2
        currentIndex = -1
        lastValue = 0
        CMaxParam ------>
        keyword = CI
        description = Maximum current
        maxOpStatus = 100
        maxOpValue = 1
        maxOpMask = 7
        errorLevel = 0
        peakDeratedMax = 1
        averageDeratedMax = 1
        rmsDeratedMax = 1
        peak = 3.89264e-10
        average = 7.01039e-15
        rms = 3.33097e-12
        peakPercent = 3.89264e-08
        averagePercent = 6.99441e-13
        rmsPercent = 3.331e-10
        node1Index = -1
        node2Index = -1
        currentIndex = 0
        portName = 1
        lastValue = 0
CMaxStruct --->
devName = C
devType = CAP
topLevelRefDes = C3
refDes = C3
spiceDesig = C
scaldPath = C3
simTemp = 27
simTime = 0.05
        CMaxParam ------>
        keyword = CV
        description = Maximum voltage
        maxOpStatus = 100
        maxOpValue = 50
        maxOpMask = 7
        errorLevel = 0
        peakDeratedMax = 50
        averageDeratedMax = 50
        rmsDeratedMax = 50
        peak = 10
        average = 10
        rms = 10
        peakPercent = 20
        averagePercent = 20
        rmsPercent = 20
        node1Index = -1
        node1 = 1
        node2Index = -1
        node2 = 2
        currentIndex = -1
        lastValue = 0
        CMaxParam ------>
        keyword = CI
        description = Maximum current
        maxOpStatus = 100
        maxOpValue = 1
        maxOpMask = 7
        errorLevel = 0
        peakDeratedMax = 1
        averageDeratedMax = 1
        rmsDeratedMax = 1
        peak = 3.89264e-10
        average = 7.01039e-15
        rms = 3.33097e-12
        peakPercent = 3.89264e-08
        averagePercent = 6.99441e-13
        rmsPercent = 3.331e-10
        node1Index = -1
        node2Index = -1
        currentIndex = 0
        portName = 1
        lastValue = 0
CMaxStruct --->
devName = MC1458
devType = OPAMP
topLevelRefDes = U85B
refDes = U85B
spiceDesig = X
scaldPath = U85B
simTemp = 27
simTime = 0.05
        CMaxParam ------>
        keyword = IMINUS
        description = Max input current(-)
        maxOpStatus = 101
        maxOpValue = 1e+35
        maxOpMask = 1
        errorLevel = 1
        peakDeratedMax = 1e+35
        averageDeratedMax = 1e+35
        rmsDeratedMax = 1e+35
        peak = -1e+100
        average = 0
        rms = 0
        peakPercent = 0
        averagePercent = 0
        rmsPercent = 0
        node1Index = -1
        node2Index = -1
        currentIndex = -1
        portName = -
        lastValue = 0
        CMaxParam ------>
        keyword = IPLUS
        description = Max input current(+)
        maxOpStatus = 101
        maxOpValue = 1e+35
        maxOpMask = 1
        errorLevel = 1
        peakDeratedMax = 1e+35
        averageDeratedMax = 1e+35
        rmsDeratedMax = 1e+35
        peak = -1e+100
        average = 0
        rms = 0
        peakPercent = 0
        averagePercent = 0
        rmsPercent = 0
        node1Index = -1
        node2Index = -1
        currentIndex = -1
        portName = +
        lastValue = 0
        CMaxParam ------>
        keyword = IOUT
        description = Max output current
        maxOpStatus = 100
        maxOpValue = 0.04
        maxOpMask = 1
        errorLevel = 0
        peakDeratedMax = 0.04
        averageDeratedMax = 0.04
        rmsDeratedMax = 0.04
        peak = 0.000681345
        average = 0.00025858
        rms = 0.000340186
        peakPercent = 1.70336
        averagePercent = 0.64645
        rmsPercent = 0.850465
        node1Index = -1
        node2Index = -1
        currentIndex = -1
        portName = OUT
        lastValue = 0
        CMaxParam ------>
        keyword = VDIFF
        description = Max differential VIN
        maxOpStatus = 103
        maxOpValue = 60
        maxOpMask = 1
        errorLevel = 3
        peakDeratedMax = 60
        averageDeratedMax = 60
        rmsDeratedMax = 60
        peak = 0
        average = 0
        rms = 0
        peakPercent = 0
        averagePercent = 0
        rmsPercent = 0
        node1Index = -1
        node1 = +
        node2Index = -1
        node2 = -
        currentIndex = -1
        lastValue = 0
        CMaxParam ------>
        keyword = VMMAX
        description = Max inp volt(-)
        maxOpStatus = 103
        maxOpValue = -3
        maxOpMask = 1
        errorLevel = 3
        peakDeratedMax = -3
        averageDeratedMax = -3
        rmsDeratedMax = -3
        peak = 0
        average = 0
        rms = 0
        peakPercent = 0
        averagePercent = 0
        rmsPercent = 0
        node1Index = -1
        node1 = -
        node2Index = -1
        node2 = V+
        currentIndex = -1
        lastValue = 0
        CMaxParam ------>
        keyword = VMMIN
        description = Min inp volt(-)
        maxOpStatus = 103
        maxOpValue = -3
        maxOpMask = 1
        errorLevel = 3
        peakDeratedMax = -3
        averageDeratedMax = -3
        rmsDeratedMax = -3
        peak = 0
        average = 0
        rms = 0
        peakPercent = 0
        averagePercent = 0
        rmsPercent = 0
        node1Index = -1
        node1 = V-
        node2Index = -1
        node2 = -
        currentIndex = -1
        lastValue = 0
        CMaxParam ------>
        keyword = VPMAX
        description = Max inp volt(+)
        maxOpStatus = 103
        maxOpValue = -3
        maxOpMask = 1
        errorLevel = 3
        peakDeratedMax = -3
        averageDeratedMax = -3
        rmsDeratedMax = -3
        peak = 0
        average = 0
        rms = 0
        peakPercent = 0
        averagePercent = 0
        rmsPercent = 0
        node1Index = -1
        node1 = +
        node2Index = -1
        node2 = V+
        currentIndex = -1
        lastValue = 0
        CMaxParam ------>
        keyword = VPMIN
        description = Min inp volt(+)
        maxOpStatus = 103
        maxOpValue = -3
        maxOpMask = 1
        errorLevel = 3
        peakDeratedMax = -3
        averageDeratedMax = -3
        rmsDeratedMax = -3
        peak = 0
        average = 0
        rms = 0
        peakPercent = 0
        averagePercent = 0
        rmsPercent = 0
        node1Index = -1
        node1 = V-
        node2Index = -1
        node2 = +
        currentIndex = -1
        lastValue = 0
        CMaxParam ------>
        keyword = VSMAX
        description = Max supply volt diff
        maxOpStatus = 100
        maxOpValue = 36
        maxOpMask = 1
        errorLevel = 0
        peakDeratedMax = 36
        averageDeratedMax = 36
        rmsDeratedMax = 36
        peak = 20
        average = 20
        rms = 20
        peakPercent = 55.5556
        averagePercent = 55.5556
        rmsPercent = 55.5556
        node1Index = -1
        node1 = V+
        node2Index = -1
        node2 = V-
        currentIndex = -1
        lastValue = 0
        CMaxParam ------>
        keyword = VSMIN
        description = Min supply volt diff
        maxOpStatus = 100
        maxOpValue = -10
        maxOpMask = 1
        errorLevel = 0
        peakDeratedMax = -10
        averageDeratedMax = -10
        rmsDeratedMax = -10
        peak = -20
        average = -20
        rms = 20
        peakPercent = 0
        averagePercent = 8.88178e-13
        rmsPercent = 400
        node1Index = -1
        node1 = V-
        node2Index = -1
        node2 = V+
        currentIndex = -1
        lastValue = 0
CMaxStruct --->
devName = LM2903/5_1/TI
devType = opamp
topLevelRefDes = U88
refDes = U88
spiceDesig = X
scaldPath = U88
simTemp = 27
simTime = 0.05
        CMaxParam ------>
        keyword = IMINUS
        description = Max input current(-)
        maxOpStatus = 101
        maxOpValue = 1e+35
        maxOpMask = 1
        errorLevel = 1
        peakDeratedMax = 1e+35
        averageDeratedMax = 1e+35
        rmsDeratedMax = 1e+35
        peak = -1e+100
        average = 0
        rms = 0
        peakPercent = 0
        averagePercent = 0
        rmsPercent = 0
        node1Index = -1
        node2Index = -1
        currentIndex = -1
        portName = -
        lastValue = 0
        CMaxParam ------>
        keyword = IPLUS
        description = Max input current(+)
        maxOpStatus = 101
        maxOpValue = 1e+35
        maxOpMask = 1
        errorLevel = 1
        peakDeratedMax = 1e+35
        averageDeratedMax = 1e+35
        rmsDeratedMax = 1e+35
        peak = -1e+100
        average = 0
        rms = 0
        peakPercent = 0
        averagePercent = 0
        rmsPercent = 0
        node1Index = -1
        node2Index = -1
        currentIndex = -1
        portName = +
        lastValue = 0
        CMaxParam ------>
        keyword = IOUT
        description = Output current
        maxOpStatus = 100
        maxOpValue = 0.02
        maxOpMask = 1
        errorLevel = 0
        peakDeratedMax = 0.02
        averageDeratedMax = 0.02
        rmsDeratedMax = 0.02
        peak = 0.00982936
        average = 0.000302431
        rms = 0.00113566
        peakPercent = 49.1468
        averagePercent = 1.51215
        rmsPercent = 5.67832
        node1Index = -1
        node2Index = -1
        currentIndex = -1
        portName = OUT
        lastValue = 0
        CMaxParam ------>
        keyword = VDIFF
        description = Differential VIN
        maxOpStatus = 100
        maxOpValue = 36
        maxOpMask = 1
        errorLevel = 0
        peakDeratedMax = 36
        averageDeratedMax = 36
        rmsDeratedMax = 36
        peak = 0.641523
        average = 0.258271
        rms = 0.337407
        peakPercent = 1.78201
        averagePercent = 0.717419
        rmsPercent = 0.937241
        node1Index = -1
        node1 = +
        node2Index = -1
        node2 = -
        currentIndex = -1
        lastValue = 0
        CMaxParam ------>
        keyword = VMMAX
        description = Max input voltage(-)
        maxOpStatus = 100
        maxOpValue = 0
        maxOpMask = 1
        errorLevel = 0
        peakDeratedMax = 0
        averageDeratedMax = 0
        rmsDeratedMax = 0
        peak = -10
        average = -10
        rms = 10
        peakPercent = 0
        averagePercent = 0
        rmsPercent = 1e+35
        node1Index = -1
        node1 = -
        node2Index = -1
        node2 = V+
        currentIndex = -1
        lastValue = 0
        CMaxParam ------>
        keyword = VMMIN
        description = Min input voltage(-)
        maxOpStatus = 100
        maxOpValue = 0.3
        maxOpMask = 1
        errorLevel = 0
        peakDeratedMax = 0.3
        averageDeratedMax = 0.3
        rmsDeratedMax = 0.3
        peak = 0
        average = 0
        rms = 0
        peakPercent = 0
        averagePercent = 0
        rmsPercent = 0
        node1Index = -1
        node1 = V-
        node2Index = -1
        node2 = -
        currentIndex = -1
        lastValue = 0
        CMaxParam ------>
        keyword = VPMAX
        description = Max input voltage(+)
        maxOpStatus = 100
        maxOpValue = 0
        maxOpMask = 1
        errorLevel = 0
        peakDeratedMax = 0
        averageDeratedMax = 0
        rmsDeratedMax = 0
        peak = -9.35848
        average = -9.74173
        rms = 9.74415
        peakPercent = 0
        averagePercent = 0
        rmsPercent = 1e+35
        node1Index = -1
        node1 = +
        node2Index = -1
        node2 = V+
        currentIndex = -1
        lastValue = 0
        CMaxParam ------>
        keyword = VPMIN
        description = Min input voltage(+)
        maxOpStatus = 100
        maxOpValue = 0.3
        maxOpMask = 1
        errorLevel = 0
        peakDeratedMax = 0.3
        averageDeratedMax = 0.3
        rmsDeratedMax = 0.3
        peak = 0.00747393
        average = -0.258271
        rms = 0.337407
        peakPercent = 2.49131
        averagePercent = 0
        rmsPercent = 112.469
        node1Index = -1
        node1 = V-
        node2Index = -1
        node2 = +
        currentIndex = -1
        lastValue = 0
        CMaxParam ------>
        keyword = VCCMAX
        description = Max Pos supply volt
        maxOpStatus = 100
        maxOpValue = 36
        maxOpMask = 1
        errorLevel = 0
        peakDeratedMax = 36
        averageDeratedMax = 36
        rmsDeratedMax = 36
        peak = 10
        average = 10
        rms = 10
        peakPercent = 27.7778
        averagePercent = 27.7778
        rmsPercent = 27.7778
        node1Index = -1
        node1 = V+
        node2Index = -1
        node2 = 0
        currentIndex = -1
        lastValue = 0
        CMaxParam ------>
        keyword = VEEMAX
        description = Max Neg supply volt
        maxOpStatus = 100
        maxOpValue = 0
        maxOpMask = 1
        errorLevel = 0
        peakDeratedMax = 0
        averageDeratedMax = 0
        rmsDeratedMax = 0
        peak = 0
        average = 0
        rms = 0
        peakPercent = 100
        averagePercent = 100
        rmsPercent = 100
        node1Index = -1
        node1 = 0
        node2Index = -1
        node2 = V-
        currentIndex = -1
        lastValue = 0
        CMaxParam ------>
        keyword = VSUPM
        description = Max supply volt diff
        maxOpStatus = 101
        maxOpValue = 1e+35
        maxOpMask = 7
        errorLevel = 1
        peakDeratedMax = 1e+35
        averageDeratedMax = 1e+35
        rmsDeratedMax = 1e+35
        peak = -1e+100
        average = 0
        rms = 0
        peakPercent = 0
        averagePercent = 0
        rmsPercent = 0
        node1Index = -1
        node1 = V+
        node2Index = -1
        node2 = V-
        currentIndex = -1
        lastValue = 0
        CMaxParam ------>
        keyword = VSMAX
        description = Max supply volt diff
        maxOpStatus = 100
        maxOpValue = 36
        maxOpMask = 1
        errorLevel = 0
        peakDeratedMax = 36
        averageDeratedMax = 36
        rmsDeratedMax = 36
        peak = 10
        average = 10
        rms = 10
        peakPercent = 27.7778
        averagePercent = 27.7778
        rmsPercent = 27.7778
        node1Index = -1
        node1 = V+
        node2Index = -1
        node2 = V-
        currentIndex = -1
        lastValue = 0
CMaxStruct --->
devName = C
devType = CAP
topLevelRefDes = C4
refDes = C4
spiceDesig = C
scaldPath = C4
simTemp = 27
simTime = 0.05
        CMaxParam ------>
        keyword = CV
        description = Maximum voltage
        maxOpStatus = 100
        maxOpValue = 50
        maxOpMask = 7
        errorLevel = 0
        peakDeratedMax = 50
        averageDeratedMax = 50
        rmsDeratedMax = 50
        peak = 10.0058
        average = 9.69747
        rms = 9.75905
        peakPercent = 20.0116
        averagePercent = 19.3949
        rmsPercent = 19.5181
        node1Index = -1
        node1 = 1
        node2Index = -1
        node2 = 2
        currentIndex = -1
        lastValue = 0
        CMaxParam ------>
        keyword = CI
        description = Maximum current
        maxOpStatus = 100
        maxOpValue = 1
        maxOpMask = 7
        errorLevel = 0
        peakDeratedMax = 1
        averageDeratedMax = 1
        rmsDeratedMax = 1
        peak = 9.12609e-05
        average = 3.9443e-09
        rms = 3.02508e-06
        peakPercent = 0.00912609
        averagePercent = 3.9443e-07
        rmsPercent = 0.000302508
        node1Index = -1
        node2Index = -1
        currentIndex = 0
        portName = 1
        lastValue = 0
CMaxStruct --->
devName = R
devType = RES
topLevelRefDes = R3
refDes = R3
spiceDesig = R
scaldPath = R3
simTemp = 27
simTime = 0.05
        CMaxParam ------>
        keyword = PDM
        description = Maximum power dissipation
        maxOpStatus = 100
        maxOpValue = 0.25
        maxOpMask = 6
        errorLevel = 0
        peakDeratedMax = 0.119753
        averageDeratedMax = 0.21496
        rmsDeratedMax = 0.206625
        peak = 0.0964973
        average = 0.00128963
        rms = 0.00962481
        peakPercent = 80.5805
        averagePercent = 0.59994
        rmsPercent = 4.6581
        node1Index = -1
        node2Index = -1
        currentIndex = -1
        lastValue = 0
        CMaxParam ------>
        keyword = RV
        description = Maximum voltage
        maxOpStatus = 101
        maxOpValue = 1e+35
        maxOpMask = 7
        errorLevel = 1
        peakDeratedMax = 1e+35
        averageDeratedMax = 1e+35
        rmsDeratedMax = 1e+35
        peak = -1e+100
        average = 0
        rms = 0
        peakPercent = 0
        averagePercent = 0
        rmsPercent = 0
        node1Index = -1
        node1 = 1
        node2Index = -1
        node2 = 2
        currentIndex = -1
        lastValue = 0
        CMaxParam ------>
        keyword = TB
        description = Maximum breakdown temperature
        maxOpStatus = 100
        maxOpValue = 200
        maxOpMask = 3
        errorLevel = 0
        peakDeratedMax = 200
        averageDeratedMax = 200
        rmsDeratedMax = 200
        peak = 104.198
        average = 28.0317
        rms = 34.6998
        peakPercent = 52.0989
        averagePercent = 14.0159
        rmsPercent = 17.3499
        node1Index = -1
        node2Index = -1
        currentIndex = -1
        lastValue = 0
CMaxStruct --->
devName = MC1458
devType = OPAMP
topLevelRefDes = U123B
refDes = U123B
spiceDesig = X
scaldPath = U123B
simTemp = 27
simTime = 0.05
        CMaxParam ------>
        keyword = IMINUS
        description = Max input current(-)
        maxOpStatus = 101
        maxOpValue = 1e+35
        maxOpMask = 1
        errorLevel = 1
        peakDeratedMax = 1e+35
        averageDeratedMax = 1e+35
        rmsDeratedMax = 1e+35
        peak = -1e+100
        average = 0
        rms = 0
        peakPercent = 0
        averagePercent = 0
        rmsPercent = 0
        node1Index = -1
        node2Index = -1
        currentIndex = -1
        portName = -
        lastValue = 0
        CMaxParam ------>
        keyword = IPLUS
        description = Max input current(+)
        maxOpStatus = 101
        maxOpValue = 1e+35
        maxOpMask = 1
        errorLevel = 1
        peakDeratedMax = 1e+35
        averageDeratedMax = 1e+35
        rmsDeratedMax = 1e+35
        peak = -1e+100
        average = 0
        rms = 0
        peakPercent = 0
        averagePercent = 0
        rmsPercent = 0
        node1Index = -1
        node2Index = -1
        currentIndex = -1
        portName = +
        lastValue = 0
        CMaxParam ------>
        keyword = IOUT
        description = Max output current
        maxOpStatus = 100
        maxOpValue = 0.04
        maxOpMask = 1
        errorLevel = 0
        peakDeratedMax = 0.04
        averageDeratedMax = 0.04
        rmsDeratedMax = 0.04
        peak = 0.00064158
        average = 0.000258354
        rms = 0.000337475
        peakPercent = 1.60395
        averagePercent = 0.645886
        rmsPercent = 0.843688
        node1Index = -1
        node2Index = -1
        currentIndex = -1
        portName = OUT
        lastValue = 0
        CMaxParam ------>
        keyword = VDIFF
        description = Max differential VIN
        maxOpStatus = 103
        maxOpValue = 60
        maxOpMask = 1
        errorLevel = 3
        peakDeratedMax = 60
        averageDeratedMax = 60
        rmsDeratedMax = 60
        peak = 0
        average = 0
        rms = 0
        peakPercent = 0
        averagePercent = 0
        rmsPercent = 0
        node1Index = -1
        node1 = +
        node2Index = -1
        node2 = -
        currentIndex = -1
        lastValue = 0
        CMaxParam ------>
        keyword = VMMAX
        description = Max inp volt(-)
        maxOpStatus = 103
        maxOpValue = -3
        maxOpMask = 1
        errorLevel = 3
        peakDeratedMax = -3
        averageDeratedMax = -3
        rmsDeratedMax = -3
        peak = 0
        average = 0
        rms = 0
        peakPercent = 0
        averagePercent = 0
        rmsPercent = 0
        node1Index = -1
        node1 = -
        node2Index = -1
        node2 = V+
        currentIndex = -1
        lastValue = 0
        CMaxParam ------>
        keyword = VMMIN
        description = Min inp volt(-)
        maxOpStatus = 103
        maxOpValue = -3
        maxOpMask = 1
        errorLevel = 3
        peakDeratedMax = -3
        averageDeratedMax = -3
        rmsDeratedMax = -3
        peak = 0
        average = 0
        rms = 0
        peakPercent = 0
        averagePercent = 0
        rmsPercent = 0
        node1Index = -1
        node1 = V-
        node2Index = -1
        node2 = -
        currentIndex = -1
        lastValue = 0
        CMaxParam ------>
        keyword = VPMAX
        description = Max inp volt(+)
        maxOpStatus = 103
        maxOpValue = -3
        maxOpMask = 1
        errorLevel = 3
        peakDeratedMax = -3
        averageDeratedMax = -3
        rmsDeratedMax = -3
        peak = 0
        average = 0
        rms = 0
        peakPercent = 0
        averagePercent = 0
        rmsPercent = 0
        node1Index = -1
        node1 = +
        node2Index = -1
        node2 = V+
        currentIndex = -1
        lastValue = 0
        CMaxParam ------>
        keyword = VPMIN
        description = Min inp volt(+)
        maxOpStatus = 103
        maxOpValue = -3
        maxOpMask = 1
        errorLevel = 3
        peakDeratedMax = -3
        averageDeratedMax = -3
        rmsDeratedMax = -3
        peak = 0
        average = 0
        rms = 0
        peakPercent = 0
        averagePercent = 0
        rmsPercent = 0
        node1Index = -1
        node1 = V-
        node2Index = -1
        node2 = +
        currentIndex = -1
        lastValue = 0
        CMaxParam ------>
        keyword = VSMAX
        description = Max supply volt diff
        maxOpStatus = 100
        maxOpValue = 36
        maxOpMask = 1
        errorLevel = 0
        peakDeratedMax = 36
        averageDeratedMax = 36
        rmsDeratedMax = 36
        peak = 20
        average = 20
        rms = 20
        peakPercent = 55.5556
        averagePercent = 55.5556
        rmsPercent = 55.5556
        node1Index = -1
        node1 = V+
        node2Index = -1
        node2 = V-
        currentIndex = -1
        lastValue = 0
        CMaxParam ------>
        keyword = VSMIN
        description = Min supply volt diff
        maxOpStatus = 100
        maxOpValue = -10
        maxOpMask = 1
        errorLevel = 0
        peakDeratedMax = -10
        averageDeratedMax = -10
        rmsDeratedMax = -10
        peak = -20
        average = -20
        rms = 20
        peakPercent = 0
        averagePercent = 8.88178e-13
        rmsPercent = 400
        node1Index = -1
        node1 = V-
        node2Index = -1
        node2 = V+
        currentIndex = -1
        lastValue = 0
CMaxStruct --->
devName = R
devType = RES
topLevelRefDes = R4
refDes = R4
spiceDesig = R
scaldPath = R4
simTemp = 27
simTime = 0.05
        CMaxParam ------>
        keyword = PDM
        description = Maximum power dissipation
        maxOpStatus = 100
        maxOpValue = 0.25
        maxOpMask = 6
        errorLevel = 0
        peakDeratedMax = 0.215838
        averageDeratedMax = 0.216136
        rmsDeratedMax = 0.216077
        peak = 0.000411624
        average = 0.00011389
        rms = 0.000173394
        peakPercent = 0.19071
        averagePercent = 0.0526934
        rmsPercent = 0.0802466
        node1Index = -1
        node2Index = -1
        currentIndex = -1
        lastValue = 0
        CMaxParam ------>
        keyword = RV
        description = Maximum voltage
        maxOpStatus = 101
        maxOpValue = 1e+35
        maxOpMask = 7
        errorLevel = 1
        peakDeratedMax = 1e+35
        averageDeratedMax = 1e+35
        rmsDeratedMax = 1e+35
        peak = -1e+100
        average = 0
        rms = 0
        peakPercent = 0
        averagePercent = 0
        rmsPercent = 0
        node1Index = -1
        node1 = 1
        node2Index = -1
        node2 = 2
        currentIndex = -1
        lastValue = 0
        CMaxParam ------>
        keyword = TB
        description = Maximum breakdown temperature
        maxOpStatus = 100
        maxOpValue = 200
        maxOpMask = 3
        errorLevel = 0
        peakDeratedMax = 200
        averageDeratedMax = 200
        rmsDeratedMax = 200
        peak = 27.3293
        average = 27.0911
        rms = 27.1387
        peakPercent = 13.6646
        averagePercent = 13.5456
        rmsPercent = 13.5694
        node1Index = -1
        node2Index = -1
        currentIndex = -1
        lastValue = 0
CMaxStruct --->
devName = R
devType = RES
topLevelRefDes = R5
refDes = R5
spiceDesig = R
scaldPath = R5
simTemp = 27
simTime = 0.05
        CMaxParam ------>
        keyword = PDM
        description = Maximum power dissipation
        maxOpStatus = 100
        maxOpValue = 0.25
        maxOpMask = 6
        errorLevel = 0
        peakDeratedMax = 0.215838
        averageDeratedMax = 0.216136
        rmsDeratedMax = 0.216077
        peak = 0.000411624
        average = 0.00011389
        rms = 0.000173394
        peakPercent = 0.19071
        averagePercent = 0.0526934
        rmsPercent = 0.0802466
        node1Index = -1
        node2Index = -1
        currentIndex = -1
        lastValue = 0
        CMaxParam ------>
        keyword = RV
        description = Maximum voltage
        maxOpStatus = 101
        maxOpValue = 1e+35
        maxOpMask = 7
        errorLevel = 1
        peakDeratedMax = 1e+35
        averageDeratedMax = 1e+35
        rmsDeratedMax = 1e+35
        peak = -1e+100
        average = 0
        rms = 0
        peakPercent = 0
        averagePercent = 0
        rmsPercent = 0
        node1Index = -1
        node1 = 1
        node2Index = -1
        node2 = 2
        currentIndex = -1
        lastValue = 0
        CMaxParam ------>
        keyword = TB
        description = Maximum breakdown temperature
        maxOpStatus = 100
        maxOpValue = 200
        maxOpMask = 3
        errorLevel = 0
        peakDeratedMax = 200
        averageDeratedMax = 200
        rmsDeratedMax = 200
        peak = 27.3293
        average = 27.0911
        rms = 27.1387
        peakPercent = 13.6646
        averagePercent = 13.5456
        rmsPercent = 13.5694
        node1Index = -1
        node2Index = -1
        currentIndex = -1
        lastValue = 0
